******************************************************************************
                  TI ARM Linker PC v18.12.3                    
******************************************************************************
>> Linked Thu Feb 27 20:21:58 2020

OUTPUT FILE NAME:   <Timer.out>
ENTRY POINT SYMBOL: "_c_int00_noargs"  address: 0000083d


MEMORY CONFIGURATION

         name            origin    length      used     unused   attr    fill
----------------------  --------  ---------  --------  --------  ----  --------
  FLASH                 00000000   00040000  000008aa  0003f756  R  X
  SRAM                  20000000   00008000  00000201  00007dff  RW X


SEGMENT ALLOCATION MAP

run origin  load origin   length   init length attrs members
----------  ----------- ---------- ----------- ----- -------
00000000    00000000    000008b0   000008b0    r-x
  00000000    00000000    0000026c   0000026c    r-- .intvecs
  0000026c    0000026c    00000626   00000626    r-x .text
  00000898    00000898    00000018   00000018    r-- .cinit
20000000    20000000    00000201   00000000    rw-
  20000000    20000000    00000200   00000000    rw- .stack
  20000200    20000200    00000001   00000000    rw- .data


SECTION ALLOCATION MAP

 output                                  attributes/
section   page    origin      length       input sections
--------  ----  ----------  ----------   ----------------
.intvecs   0    00000000    0000026c     
                  00000000    0000026c     tm4c123gh6pm_startup_ccs.obj (.intvecs)

.text      0    0000026c    00000626     
                  0000026c    00000390     GPIO.obj (.text)
                  000005fc    000000f8     main.obj (.text)
                  000006f4    0000009c     rtsv7M4_T_le_v4SPD16_eabi.lib : memcpy_t2.asm.obj (.text)
                  00000790    00000068                                   : copy_decompress_lzss.c.obj (.text:decompress:lzss:__TI_decompress_lzss)
                  000007f8    00000044                                   : autoinit.c.obj (.text:__TI_auto_init_nobinit_nopinit:__TI_auto_init_nobinit_nopinit)
                  0000083c    00000034                                   : boot_cortex_m.c.obj (.text:_c_int00_noargs:_c_int00_noargs)
                  00000870    0000000e                                   : copy_decompress_none.c.obj (.text:decompress:none:__TI_decompress_none)
                  0000087e    0000000c     tm4c123gh6pm_startup_ccs.obj (.text)
                  0000088a    00000004     rtsv7M4_T_le_v4SPD16_eabi.lib : pre_init.c.obj (.text:_system_pre_init)
                  0000088e    00000004                                   : exit.c.obj (.text:abort:abort)

.cinit     0    00000898    00000018     
                  00000898    00000008     (__TI_handler_table)
                  000008a0    00000005     (.cinit..data.load) [load image, compression = lzss]
                  000008a5    00000003     --HOLE-- [fill = 0]
                  000008a8    00000008     (__TI_cinit_table)

.init_array 
*          0    00000000    00000000     UNINITIALIZED

.data      0    20000200    00000001     UNINITIALIZED
                  20000200    00000001     main.obj (.data)

.stack     0    20000000    00000200     UNINITIALIZED
                  20000000    00000004     rtsv7M4_T_le_v4SPD16_eabi.lib : boot_cortex_m.c.obj (.stack)
                  20000004    000001fc     --HOLE--

MODULE SUMMARY

       Module                         code   ro data   rw data
       ------                         ----   -------   -------
    .\
       GPIO.obj                       912    0         0      
       tm4c123gh6pm_startup_ccs.obj   12     620       0      
       main.obj                       248    0         1      
    +--+------------------------------+------+---------+---------+
       Total:                         1172   620       1      
                                                              
    C:\ti\ccs920\ccs\tools\compiler\ti-cgt-arm_18.12.3.LTS\lib\rtsv7M4_T_le_v4SPD16_eabi.lib
       memcpy_t2.asm.obj              156    0         0      
       copy_decompress_lzss.c.obj     104    0         0      
       autoinit.c.obj                 68     0         0      
       boot_cortex_m.c.obj            52     0         0      
       copy_decompress_none.c.obj     14     0         0      
       exit.c.obj                     4      0         0      
       pre_init.c.obj                 4      0         0      
    +--+------------------------------+------+---------+---------+
       Total:                         402    0         0      
                                                              
       Stack:                         0      0         512    
       Linker Generated:              0      21        0      
    +--+------------------------------+------+---------+---------+
       Grand Total:                   1574   641       513    


LINKER GENERATED COPY TABLES

__TI_cinit_table @ 000008a8 records: 1, size/record: 8, table size: 8
	.data: load addr=000008a0, load size=00000005 bytes, run addr=20000200, run size=00000001 bytes, compression=lzss


LINKER GENERATED HANDLER TABLE

__TI_handler_table @ 00000898 records: 2, size/record: 4, table size: 8
	index: 0, handler: __TI_decompress_lzss
	index: 1, handler: __TI_decompress_none


GLOBAL SYMBOLS: SORTED ALPHABETICALLY BY Name 

address   name                          
-------   ----                          
0000088f  C$$EXIT                       
000003a5  GPIOBusGet                    
00000383  GPIOBusSet                    
000003fd  GPIOClockGet                  
000003e9  GPIOClockRst                  
000003cd  GPIOClockSet                  
0000032f  GPIODirGet                    
0000026d  GPIODirModeSet                
00000359  GPIOModeGet                   
000004b7  GPIOPadDrive2_mAGet           
000004e1  GPIOPadDrive4_mAGet           
0000050b  GPIOPadDrive8_mAGet           
00000535  GPIOPadOpenDrainGet           
00000589  GPIOPadPullDownGet            
0000055f  GPIOPadPullUpGet              
0000041b  GPIOPadSet                    
000005b3  GPIORead                      
000005d3  GPIOWrite                     
0000087f  ResetISR                      
00000687  Timer0ISR                     
20000200  __STACK_END                   
00000200  __STACK_SIZE                  
20000200  __STACK_TOP                   
000008a8  __TI_CINIT_Base               
000008b0  __TI_CINIT_Limit              
00000898  __TI_Handler_Table_Base       
000008a0  __TI_Handler_Table_Limit      
000007f9  __TI_auto_init_nobinit_nopinit
00000791  __TI_decompress_lzss          
00000871  __TI_decompress_none          
ffffffff  __TI_pprof_out_hndl           
ffffffff  __TI_prof_data_size           
ffffffff  __TI_prof_data_start          
00000000  __TI_static_base__            
000006f5  __aeabi_memcpy                
000006f5  __aeabi_memcpy4               
000006f5  __aeabi_memcpy8               
ffffffff  __binit__                     
ffffffff  __c_args__                    
UNDEFED   __mpu_init                    
20000000  __stack                       
0000083d  _c_int00_noargs               
UNDEFED   _system_post_cinit            
0000088b  _system_pre_init              
0000088f  abort                         
ffffffff  binit                         
20000200  flag                          
00000000  g_pfnVectors                  
000005fd  main                          
000006f5  memcpy                        


GLOBAL SYMBOLS: SORTED BY Symbol Address 

address   name                          
-------   ----                          
00000000  __TI_static_base__            
00000000  g_pfnVectors                  
00000200  __STACK_SIZE                  
0000026d  GPIODirModeSet                
0000032f  GPIODirGet                    
00000359  GPIOModeGet                   
00000383  GPIOBusSet                    
000003a5  GPIOBusGet                    
000003cd  GPIOClockSet                  
000003e9  GPIOClockRst                  
000003fd  GPIOClockGet                  
0000041b  GPIOPadSet                    
000004b7  GPIOPadDrive2_mAGet           
000004e1  GPIOPadDrive4_mAGet           
0000050b  GPIOPadDrive8_mAGet           
00000535  GPIOPadOpenDrainGet           
0000055f  GPIOPadPullUpGet              
00000589  GPIOPadPullDownGet            
000005b3  GPIORead                      
000005d3  GPIOWrite                     
000005fd  main                          
00000687  Timer0ISR                     
000006f5  __aeabi_memcpy                
000006f5  __aeabi_memcpy4               
000006f5  __aeabi_memcpy8               
000006f5  memcpy                        
00000791  __TI_decompress_lzss          
000007f9  __TI_auto_init_nobinit_nopinit
0000083d  _c_int00_noargs               
00000871  __TI_decompress_none          
0000087f  ResetISR                      
0000088b  _system_pre_init              
0000088f  C$$EXIT                       
0000088f  abort                         
00000898  __TI_Handler_Table_Base       
000008a0  __TI_Handler_Table_Limit      
000008a8  __TI_CINIT_Base               
000008b0  __TI_CINIT_Limit              
20000000  __stack                       
20000200  __STACK_END                   
20000200  __STACK_TOP                   
20000200  flag                          
ffffffff  __TI_pprof_out_hndl           
ffffffff  __TI_prof_data_size           
ffffffff  __TI_prof_data_start          
ffffffff  __binit__                     
ffffffff  __c_args__                    
ffffffff  binit                         
UNDEFED   __mpu_init                    
UNDEFED   _system_post_cinit            

[50 symbols]
